---
source: crates/interpreter/tests/it/transfer/erc721_transfer.rs
expression: res
---
InterpretationResponse {
    gas_used: 58674,
    block_number: 16318896,
    success: true,
    traces: [
        CallTrace {
            call_type: Call,
            from: 0x4fd9d0ee6d6564e80a9ee00c0163fc952d0a45ed,
            to: 0x6144d927ee371de7e7f8221b596f3432e7a8e6d9,
            value: Some(
                0,
            ),
        },
    ],
    logs: [
        Log {
            address: 0x6144d927ee371de7e7f8221b596f3432e7a8e6d9,
            topics: [
                0x8c5be1e5ebec7d5bd14f71427d1e84f3dd0314c0f7b2291e5b200ac8c7c3b925,
                0x0000000000000000000000004fd9d0ee6d6564e80a9ee00c0163fc952d0a45ed,
                0x0000000000000000000000000000000000000000000000000000000000000000,
                0x000000000000000000000000000000000000000000000000000000000000000b,
            ],
            data: Bytes(0x),
            block_hash: None,
            block_number: None,
            transaction_hash: None,
            transaction_index: None,
            log_index: None,
            transaction_log_index: None,
            log_type: None,
            removed: None,
        },
        Log {
            address: 0x6144d927ee371de7e7f8221b596f3432e7a8e6d9,
            topics: [
                0xddf252ad1be2c89b69c2b068fc378daa952ba7f163c4a11628f55a4df523b3ef,
                0x0000000000000000000000004fd9d0ee6d6564e80a9ee00c0163fc952d0a45ed,
                0x000000000000000000000000914a7625b645d0d705b9a0a30d22583e1fb87eb1,
                0x000000000000000000000000000000000000000000000000000000000000000b,
            ],
            data: Bytes(0x),
            block_hash: None,
            block_number: None,
            transaction_hash: None,
            transaction_index: None,
            log_index: None,
            transaction_log_index: None,
            log_type: None,
            removed: None,
        },
    ],
    exit_reason: Stop,
    formatted_trace: "  [36734] \u{1b}[32m0x6144D927EE371de7e7f8221b596F3432E7A8e6D9\u{1b}[0m::\u{1b}[32mtransferFrom\u{1b}[0m(0x4fd9D0eE6D6564E80A9Ee00c0163fC952d0A45Ed, 0x914a7625B645d0d705B9a0a30D22583e1FB87eb1, 11) \u{1b}[33m\u{1b}[0m\n    ├─ emit \u{1b}[36mApproval\u{1b}[0m(param0: 0x4fd9D0eE6D6564E80A9Ee00c0163fC952d0A45Ed, param1: 0x0000000000000000000000000000000000000000, param2: 11)\n    ├─ emit \u{1b}[36mTransfer\u{1b}[0m(param0: 0x4fd9D0eE6D6564E80A9Ee00c0163fC952d0A45Ed, param1: 0x914a7625B645d0d705B9a0a30D22583e1FB87eb1, param2: 11)\n    └─ \u{1b}[32m← \u{1b}[0m()\n",
    actions: [
        InterpretationAction {
            action_type: ERC721Send,
            address: Some(
                0x4fd9d0ee6d6564e80a9ee00c0163fc952d0a45ed,
            ),
        },
        InterpretationAction {
            action_type: ERC721Receive,
            address: Some(
                0x914a7625b645d0d705b9a0a30d22583e1fb87eb1,
            ),
        },
    ],
    asset_changes: [
        AssetChange {
            address: 0x4fd9d0ee6d6564e80a9ee00c0163fc952d0a45ed,
            before_amount: 1,
            after_amount: 0,
            amount: 1,
            action: InterpretationAction {
                action_type: ERC721Send,
                address: Some(
                    0x4fd9d0ee6d6564e80a9ee00c0163fc952d0a45ed,
                ),
            },
            token: AssetToken {
                address: 0x6144d927ee371de7e7f8221b596f3432e7a8e6d9,
                token_id: Some(
                    11,
                ),
            },
        },
        AssetChange {
            address: 0x914a7625b645d0d705b9a0a30d22583e1fb87eb1,
            before_amount: 0,
            after_amount: 1,
            amount: 0,
            action: InterpretationAction {
                action_type: ERC721Receive,
                address: Some(
                    0x914a7625b645d0d705b9a0a30d22583e1fb87eb1,
                ),
            },
            token: AssetToken {
                address: 0x6144d927ee371de7e7f8221b596f3432e7a8e6d9,
                token_id: Some(
                    11,
                ),
            },
        },
    ],
}
