---
source: crates/solutions/tests/it/signatures.rs
expression: recovered.tree
---
SignerNode {
    signer: None,
    left: Some(
        SignerNode {
            signer: None,
            left: Some(
                SignerNode {
                    signer: None,
                    left: Some(
                        SignerNode {
                            signer: None,
                            left: Some(
                                SignerNode {
                                    signer: Some(
                                        Signer {
                                            weight: Some(
                                                1,
                                            ),
                                            leaf: AddressSignature(
                                                AddressSignatureLeaf {
                                                    address: 0xa653f5900ef5c538142cd8aef1ce750390b29a3e,
                                                },
                                            ),
                                        },
                                    ),
                                    left: None,
                                    right: None,
                                },
                            ),
                            right: Some(
                                SignerNode {
                                    signer: Some(
                                        Signer {
                                            weight: Some(
                                                1,
                                            ),
                                            leaf: AddressSignature(
                                                AddressSignatureLeaf {
                                                    address: 0xa54e174d851bcffe8c1332c00e23156b4982204d,
                                                },
                                            ),
                                        },
                                    ),
                                    left: None,
                                    right: None,
                                },
                            ),
                        },
                    ),
                    right: Some(
                        SignerNode {
                            signer: None,
                            left: Some(
                                SignerNode {
                                    signer: Some(
                                        Signer {
                                            weight: Some(
                                                1,
                                            ),
                                            leaf: AddressSignature(
                                                AddressSignatureLeaf {
                                                    address: 0xddfba5791de0b8da80d46b43915ae34c4876c4f8,
                                                },
                                            ),
                                        },
                                    ),
                                    left: None,
                                    right: None,
                                },
                            ),
                            right: Some(
                                SignerNode {
                                    signer: Some(
                                        Signer {
                                            weight: Some(
                                                1,
                                            ),
                                            leaf: AddressSignature(
                                                AddressSignatureLeaf {
                                                    address: 0xf50834aa68dec4d9d151b1ff1c509c81431ddc45,
                                                },
                                            ),
                                        },
                                    ),
                                    left: None,
                                    right: None,
                                },
                            ),
                        },
                    ),
                },
            ),
            right: Some(
                SignerNode {
                    signer: None,
                    left: Some(
                        SignerNode {
                            signer: None,
                            left: Some(
                                SignerNode {
                                    signer: Some(
                                        Signer {
                                            weight: Some(
                                                1,
                                            ),
                                            leaf: AddressSignature(
                                                AddressSignatureLeaf {
                                                    address: 0xe8e7c96af0d472a8d0e60e86009a97290fbc0f6d,
                                                },
                                            ),
                                        },
                                    ),
                                    left: None,
                                    right: None,
                                },
                            ),
                            right: Some(
                                SignerNode {
                                    signer: Some(
                                        Signer {
                                            weight: Some(
                                                1,
                                            ),
                                            leaf: AddressSignature(
                                                AddressSignatureLeaf {
                                                    address: 0x88a175d23b41252823e7fd88297754f5c580c4ff,
                                                },
                                            ),
                                        },
                                    ),
                                    left: None,
                                    right: None,
                                },
                            ),
                        },
                    ),
                    right: Some(
                        SignerNode {
                            signer: None,
                            left: Some(
                                SignerNode {
                                    signer: Some(
                                        Signer {
                                            weight: Some(
                                                1,
                                            ),
                                            leaf: AddressSignature(
                                                AddressSignatureLeaf {
                                                    address: 0x653ca45307922091337376cb305485c0d889a7a1,
                                                },
                                            ),
                                        },
                                    ),
                                    left: None,
                                    right: None,
                                },
                            ),
                            right: Some(
                                SignerNode {
                                    signer: Some(
                                        Signer {
                                            weight: Some(
                                                1,
                                            ),
                                            leaf: ECDSASignature(
                                                ECDSASignatureLeaf {
                                                    address: 0x5de7b35499470b6371fad80801da37cc002b8f12,
                                                    signature_type: ECDSASignatureTypeEthSign,
                                                    signature: ECDSASignature(
                                                        [
                                                            217,
                                                            178,
                                                            163,
                                                            20,
                                                            34,
                                                            103,
                                                            37,
                                                            92,
                                                            80,
                                                            88,
                                                            28,
                                                            128,
                                                            35,
                                                            100,
                                                            137,
                                                            22,
                                                            163,
                                                            232,
                                                            195,
                                                            174,
                                                            124,
                                                            165,
                                                            15,
                                                            103,
                                                            82,
                                                            182,
                                                            135,
                                                            74,
                                                            32,
                                                            231,
                                                            110,
                                                            73,
                                                            107,
                                                            48,
                                                            196,
                                                            225,
                                                            182,
                                                            83,
                                                            105,
                                                            27,
                                                            58,
                                                            233,
                                                            254,
                                                            164,
                                                            10,
                                                            102,
                                                            150,
                                                            111,
                                                            61,
                                                            31,
                                                            42,
                                                            53,
                                                            206,
                                                            219,
                                                            82,
                                                            251,
                                                            240,
                                                            122,
                                                            224,
                                                            146,
                                                            105,
                                                            251,
                                                            60,
                                                            142,
                                                            27,
                                                        ],
                                                    ),
                                                },
                                            ),
                                        },
                                    ),
                                    left: None,
                                    right: None,
                                },
                            ),
                        },
                    ),
                },
            ),
        },
    ),
    right: Some(
        SignerNode {
            signer: None,
            left: Some(
                SignerNode {
                    signer: None,
                    left: Some(
                        SignerNode {
                            signer: None,
                            left: Some(
                                SignerNode {
                                    signer: Some(
                                        Signer {
                                            weight: Some(
                                                1,
                                            ),
                                            leaf: AddressSignature(
                                                AddressSignatureLeaf {
                                                    address: 0xa18522682c76e7e4083fcef379839347a533f782,
                                                },
                                            ),
                                        },
                                    ),
                                    left: None,
                                    right: None,
                                },
                            ),
                            right: Some(
                                SignerNode {
                                    signer: Some(
                                        Signer {
                                            weight: Some(
                                                1,
                                            ),
                                            leaf: AddressSignature(
                                                AddressSignatureLeaf {
                                                    address: 0x59d7eb9085272adb317893df26e7f39dcfdda1ba,
                                                },
                                            ),
                                        },
                                    ),
                                    left: None,
                                    right: None,
                                },
                            ),
                        },
                    ),
                    right: Some(
                        SignerNode {
                            signer: None,
                            left: Some(
                                SignerNode {
                                    signer: Some(
                                        Signer {
                                            weight: Some(
                                                1,
                                            ),
                                            leaf: AddressSignature(
                                                AddressSignatureLeaf {
                                                    address: 0xc31ee68141cb47d2b260fe5a6e48b37d021d8f19,
                                                },
                                            ),
                                        },
                                    ),
                                    left: None,
                                    right: None,
                                },
                            ),
                            right: Some(
                                SignerNode {
                                    signer: Some(
                                        Signer {
                                            weight: Some(
                                                1,
                                            ),
                                            leaf: AddressSignature(
                                                AddressSignatureLeaf {
                                                    address: 0x947ee7254d4de72f7a1b2e70ed3f8e8ae6510d77,
                                                },
                                            ),
                                        },
                                    ),
                                    left: None,
                                    right: None,
                                },
                            ),
                        },
                    ),
                },
            ),
            right: Some(
                SignerNode {
                    signer: None,
                    left: Some(
                        SignerNode {
                            signer: None,
                            left: Some(
                                SignerNode {
                                    signer: Some(
                                        Signer {
                                            weight: Some(
                                                1,
                                            ),
                                            leaf: ECDSASignature(
                                                ECDSASignatureLeaf {
                                                    address: 0x1f2dcfa639d690dbe3b79e405101940965f5f630,
                                                    signature_type: ECDSASignatureTypeEthSign,
                                                    signature: ECDSASignature(
                                                        [
                                                            71,
                                                            246,
                                                            70,
                                                            230,
                                                            209,
                                                            52,
                                                            52,
                                                            178,
                                                            223,
                                                            101,
                                                            252,
                                                            26,
                                                            185,
                                                            8,
                                                            98,
                                                            100,
                                                            190,
                                                            209,
                                                            3,
                                                            14,
                                                            72,
                                                            94,
                                                            53,
                                                            19,
                                                            237,
                                                            1,
                                                            104,
                                                            109,
                                                            3,
                                                            209,
                                                            39,
                                                            223,
                                                            81,
                                                            14,
                                                            252,
                                                            70,
                                                            139,
                                                            190,
                                                            237,
                                                            222,
                                                            103,
                                                            124,
                                                            58,
                                                            241,
                                                            253,
                                                            167,
                                                            176,
                                                            219,
                                                            255,
                                                            199,
                                                            24,
                                                            110,
                                                            7,
                                                            32,
                                                            62,
                                                            176,
                                                            151,
                                                            24,
                                                            204,
                                                            37,
                                                            108,
                                                            246,
                                                            181,
                                                            209,
                                                            27,
                                                        ],
                                                    ),
                                                },
                                            ),
                                        },
                                    ),
                                    left: None,
                                    right: None,
                                },
                            ),
                            right: Some(
                                SignerNode {
                                    signer: Some(
                                        Signer {
                                            weight: Some(
                                                1,
                                            ),
                                            leaf: AddressSignature(
                                                AddressSignatureLeaf {
                                                    address: 0xce1977029e9398ec9f45327c81cf7a557f5d30b8,
                                                },
                                            ),
                                        },
                                    ),
                                    left: None,
                                    right: None,
                                },
                            ),
                        },
                    ),
                    right: Some(
                        SignerNode {
                            signer: None,
                            left: Some(
                                SignerNode {
                                    signer: Some(
                                        Signer {
                                            weight: Some(
                                                1,
                                            ),
                                            leaf: AddressSignature(
                                                AddressSignatureLeaf {
                                                    address: 0x0b6a69349728615d6e1c8d4fd133e49aafd5b91b,
                                                },
                                            ),
                                        },
                                    ),
                                    left: None,
                                    right: None,
                                },
                            ),
                            right: Some(
                                SignerNode {
                                    signer: Some(
                                        Signer {
                                            weight: Some(
                                                1,
                                            ),
                                            leaf: ECDSASignature(
                                                ECDSASignatureLeaf {
                                                    address: 0xe5a0162cb85d9c1d7e974dfa97604f31a82966e4,
                                                    signature_type: ECDSASignatureTypeEthSign,
                                                    signature: ECDSASignature(
                                                        [
                                                            170,
                                                            172,
                                                            21,
                                                            26,
                                                            106,
                                                            212,
                                                            191,
                                                            127,
                                                            150,
                                                            109,
                                                            178,
                                                            3,
                                                            22,
                                                            69,
                                                            81,
                                                            167,
                                                            195,
                                                            195,
                                                            150,
                                                            157,
                                                            21,
                                                            102,
                                                            109,
                                                            210,
                                                            199,
                                                            82,
                                                            2,
                                                            35,
                                                            22,
                                                            35,
                                                            245,
                                                            238,
                                                            32,
                                                            89,
                                                            113,
                                                            28,
                                                            132,
                                                            210,
                                                            242,
                                                            22,
                                                            18,
                                                            107,
                                                            243,
                                                            220,
                                                            108,
                                                            198,
                                                            50,
                                                            35,
                                                            235,
                                                            160,
                                                            121,
                                                            38,
                                                            46,
                                                            115,
                                                            197,
                                                            141,
                                                            164,
                                                            249,
                                                            117,
                                                            131,
                                                            116,
                                                            124,
                                                            121,
                                                            11,
                                                            28,
                                                        ],
                                                    ),
                                                },
                                            ),
                                        },
                                    ),
                                    left: None,
                                    right: None,
                                },
                            ),
                        },
                    ),
                },
            ),
        },
    ),
}
