---
source: crates/solutions/tests/it/signatures.rs
expression: recovered.tree
---
SignerNode {
    signer: Some(
        Signer {
            weight: Some(
                1,
            ),
            leaf: ECDSASignature(
                ECDSASignatureLeaf {
                    address: 0x6a202a0ba513f87db9174e44300378b25f1950bb,
                    signature_type: ECDSASignatureTypeEthSign,
                    signature: ECDSASignature(
                        [
                            159,
                            167,
                            183,
                            232,
                            237,
                            37,
                            8,
                            140,
                            65,
                            48,
                            116,
                            129,
                            138,
                            193,
                            10,
                            179,
                            187,
                            205,
                            219,
                            18,
                            11,
                            190,
                            200,
                            80,
                            131,
                            243,
                            186,
                            37,
                            78,
                            85,
                            71,
                            217,
                            83,
                            254,
                            97,
                            90,
                            100,
                            116,
                            253,
                            54,
                            83,
                            38,
                            36,
                            77,
                            237,
                            215,
                            175,
                            163,
                            145,
                            26,
                            211,
                            156,
                            149,
                            108,
                            160,
                            150,
                            215,
                            33,
                            6,
                            77,
                            107,
                            41,
                            5,
                            93,
                            27,
                        ],
                    ),
                },
            ),
        },
    ),
    left: None,
    right: None,
}
