---
source: crates/solutions/tests/it/signatures.rs
expression: recovered.tree
---
SignerNode {
    signer: None,
    left: Some(
        SignerNode {
            signer: None,
            left: Some(
                SignerNode {
                    signer: None,
                    left: Some(
                        SignerNode {
                            signer: Some(
                                Signer {
                                    weight: Some(
                                        1,
                                    ),
                                    leaf: AddressSignature(
                                        AddressSignatureLeaf {
                                            address: 0x2093ec341be249baa0c8afa35fef368a90a48390,
                                        },
                                    ),
                                },
                            ),
                            left: None,
                            right: None,
                        },
                    ),
                    right: Some(
                        SignerNode {
                            signer: Some(
                                Signer {
                                    weight: Some(
                                        1,
                                    ),
                                    leaf: DynamicSignature(
                                        DynamicSignatureLeaf {
                                            address: 0xcd907cf455a1a00a4ebe37ef5f4bb7abc3770a69,
                                            signature_type: DynamicSignatureTypeEthSign,
                                            signature: Signature(
                                                [
                                                    40,
                                                    35,
                                                    12,
                                                    197,
                                                    196,
                                                    238,
                                                    34,
                                                    28,
                                                    9,
                                                    48,
                                                    84,
                                                    254,
                                                    242,
                                                    44,
                                                    18,
                                                    213,
                                                    52,
                                                    244,
                                                    214,
                                                    55,
                                                    130,
                                                    188,
                                                    148,
                                                    161,
                                                    96,
                                                    194,
                                                    247,
                                                    129,
                                                    206,
                                                    241,
                                                    66,
                                                    224,
                                                    25,
                                                    184,
                                                    77,
                                                    130,
                                                    7,
                                                    11,
                                                    103,
                                                    203,
                                                    117,
                                                    14,
                                                    201,
                                                    186,
                                                    70,
                                                    174,
                                                    73,
                                                    230,
                                                    104,
                                                    117,
                                                    145,
                                                    129,
                                                    0,
                                                    153,
                                                    246,
                                                    229,
                                                    136,
                                                    17,
                                                    251,
                                                    227,
                                                    94,
                                                    163,
                                                    219,
                                                    69,
                                                    28,
                                                ],
                                            ),
                                        },
                                    ),
                                },
                            ),
                            left: None,
                            right: None,
                        },
                    ),
                },
            ),
            right: Some(
                SignerNode {
                    signer: Some(
                        Signer {
                            weight: Some(
                                1,
                            ),
                            leaf: DynamicSignature(
                                DynamicSignatureLeaf {
                                    address: 0x4bffabff5819087514d8db622543c3d0d89cd64d,
                                    signature_type: DynamicSignatureTypeEthSign,
                                    signature: Signature(
                                        [
                                            132,
                                            78,
                                            0,
                                            43,
                                            39,
                                            9,
                                            139,
                                            166,
                                            20,
                                            75,
                                            201,
                                            235,
                                            121,
                                            80,
                                            205,
                                            32,
                                            164,
                                            6,
                                            45,
                                            38,
                                            91,
                                            221,
                                            4,
                                            43,
                                            255,
                                            187,
                                            126,
                                            200,
                                            64,
                                            92,
                                            175,
                                            127,
                                            96,
                                            241,
                                            197,
                                            189,
                                            205,
                                            142,
                                            164,
                                            244,
                                            172,
                                            238,
                                            23,
                                            213,
                                            172,
                                            158,
                                            172,
                                            107,
                                            205,
                                            180,
                                            10,
                                            32,
                                            164,
                                            23,
                                            150,
                                            212,
                                            10,
                                            21,
                                            50,
                                            120,
                                            171,
                                            6,
                                            43,
                                            33,
                                            28,
                                        ],
                                    ),
                                },
                            ),
                        },
                    ),
                    left: None,
                    right: None,
                },
            ),
        },
    ),
    right: Some(
        SignerNode {
            signer: Some(
                Signer {
                    weight: Some(
                        1,
                    ),
                    leaf: AddressSignature(
                        AddressSignatureLeaf {
                            address: 0xe8c4a6eb40ece266c7a58670493ee0727be4d20a,
                        },
                    ),
                },
            ),
            left: None,
            right: None,
        },
    ),
}
